// Jest Snapshot v1, https://goo.gl/fbAQLP

exports[`Simple expression tests check external snapshot 1`] = `4`;
